// Jest Snapshot v1, https://goo.gl/fbAQLP

exports[`renders search component correctly 1`] = `
<div
  style={
    Object {
      "display": "inline-flex",
    }
  }
>
  <input
    aria-label="Search"
    className="form-control mr-sm-2"
    placeholder="Search By undefined"
    type="search"
  />
  <button
    className="btn btn-outline-success my-2 my-sm-0"
    type="submit"
  >
    Search
  </button>
</div>
`;
