// Jest Snapshot v1, https://goo.gl/fbAQLP

exports[`renders sort component correctly 1`] = `
<button
  className="btn btn-info"
  type="button"
>
  Sort undefined by undefined
</button>
`;
